
icetime topological timing analysis report
==========================================

Info: max_span_hack is enabled: estimate is conservative.

Report for critical path:
-------------------------

        lc40_12_10_2 (LogicCell40) [clk] -> lcout: 1.491 ns
     1.491 ns net_46227 (iomem_addr[4])
        odrv_12_10_46227_50197 (Odrv4) I -> O: 0.649 ns
        t13060 (LocalMux) I -> O: 1.099 ns
        inmux_15_10_61613_61628 (InMux) I -> O: 0.662 ns
        lc40_15_10_1 (LogicCell40) in1 -> lcout: 1.232 ns
     5.133 ns net_57718 (iomem_ready_SB_LUT4_I3_I1_SB_CARRY_CO_I1[2])
        odrv_15_10_57718_61686 (Odrv4) I -> O: 0.649 ns
        t15624 (Span4Mux_v4) I -> O: 0.649 ns
        t15623 (LocalMux) I -> O: 1.099 ns
        inmux_15_13_61970_62004 (InMux) I -> O: 0.662 ns
        t2516 (CascadeMux) I -> O: 0.000 ns
        lc40_15_13_2 (LogicCell40) in2 -> carryout: 0.609 ns
     8.802 ns t2517
        lc40_15_13_3 (LogicCell40) carryin -> carryout: 0.278 ns
     9.080 ns t2519
        lc40_15_13_4 (LogicCell40) carryin -> carryout: 0.278 ns
     9.358 ns t2521
        lc40_15_13_5 (LogicCell40) carryin -> carryout: 0.278 ns
     9.636 ns t2522
        lc40_15_13_6 (LogicCell40) carryin -> carryout: 0.278 ns
     9.914 ns t2524
        lc40_15_13_7 (LogicCell40) carryin -> carryout: 0.278 ns
    10.192 ns net_62031 (iomem_ready_SB_LUT4_I1_O_SB_LUT4_I2_O_SB_LUT4_I2_I3_SB_LUT4_I3_O_SB_LUT4_O_1_I2_SB_LUT4_I3_O_SB_LUT4_I2_O_SB_LUT4_O_I3[7])
        t2525 (ICE_CARRY_IN_MUX) carryinitin -> carryinitout: 0.556 ns
        lc40_15_14_0 (LogicCell40) carryin -> carryout: 0.278 ns
    11.027 ns t2527
        lc40_15_14_1 (LogicCell40) carryin -> carryout: 0.278 ns
    11.305 ns t2529
        lc40_15_14_2 (LogicCell40) carryin -> carryout: 0.278 ns
    11.583 ns t2531
        lc40_15_14_3 (LogicCell40) carryin -> carryout: 0.278 ns
    11.861 ns t2533
        lc40_15_14_4 (LogicCell40) carryin -> carryout: 0.278 ns
    12.139 ns t2535
        lc40_15_14_5 (LogicCell40) carryin -> carryout: 0.278 ns
    12.417 ns t2536
        lc40_15_14_6 (LogicCell40) carryin -> carryout: 0.278 ns
    12.696 ns t2537
        lc40_15_14_7 (LogicCell40) carryin -> carryout: 0.278 ns
    12.974 ns net_62154 (iomem_ready_SB_LUT4_I1_O_SB_LUT4_I2_O_SB_LUT4_I2_I3_SB_LUT4_I3_O_SB_LUT4_O_1_I2_SB_LUT4_I3_O_SB_LUT4_I2_O_SB_LUT4_O_I3[15])
        t2538 (ICE_CARRY_IN_MUX) carryinitin -> carryinitout: 0.556 ns
        lc40_15_15_0 (LogicCell40) carryin -> carryout: 0.278 ns
    13.808 ns t2540
        lc40_15_15_1 (LogicCell40) carryin -> carryout: 0.278 ns
    14.086 ns t2542
        lc40_15_15_2 (LogicCell40) carryin -> carryout: 0.278 ns
    14.364 ns t2543
        lc40_15_15_3 (LogicCell40) carryin -> carryout: 0.278 ns
    14.642 ns t2544
        lc40_15_15_4 (LogicCell40) carryin -> carryout: 0.278 ns
    14.921 ns t2546
        lc40_15_15_5 (LogicCell40) carryin -> carryout: 0.278 ns
    15.199 ns t2547
        lc40_15_15_6 (LogicCell40) carryin -> carryout: 0.278 ns
    15.477 ns t2549
        lc40_15_15_7 (LogicCell40) carryin -> carryout: 0.278 ns
    15.755 ns net_62277 (iomem_ready_SB_LUT4_I1_O_SB_LUT4_I2_O_SB_LUT4_I2_I3_SB_LUT4_I3_O_SB_LUT4_O_1_I2_SB_LUT4_I3_O_SB_LUT4_I2_O_SB_LUT4_O_I3[23])
        t2551 (ICE_CARRY_IN_MUX) carryinitin -> carryinitout: 0.556 ns
        lc40_15_16_0 (LogicCell40) carryin -> carryout: 0.278 ns
    16.589 ns t2553
        lc40_15_16_1 (LogicCell40) carryin -> carryout: 0.278 ns
    16.867 ns t2554
        lc40_15_16_2 (LogicCell40) carryin -> carryout: 0.278 ns
    17.146 ns t2555
        lc40_15_16_3 (LogicCell40) carryin -> carryout: 0.278 ns
    17.424 ns t2557
        lc40_15_16_4 (LogicCell40) carryin -> carryout: 0.278 ns
    17.702 ns t2559
        lc40_15_16_5 (LogicCell40) carryin -> carryout: 0.278 ns
    17.980 ns net_62388 (iomem_ready_SB_LUT4_I1_O_SB_LUT4_I2_O_SB_LUT4_I2_I3_SB_LUT4_I3_O_SB_LUT4_O_1_I2_SB_LUT4_I3_O_SB_LUT4_I2_O_SB_LUT4_O_I3[29])
        inmux_15_16_62388_62398 (InMux) I -> O: 0.662 ns
        lc40_15_16_6 (LogicCell40) in3 -> lcout: 0.874 ns
    19.516 ns net_58461 (iomem_ready_SB_LUT4_I1_O_SB_LUT4_I2_O_SB_LUT4_I2_I3_SB_LUT4_I3_O_SB_LUT4_O_1_I2_SB_LUT4_I3_O_SB_LUT4_I2_O[3])
        odrv_15_16_58461_62313 (Odrv4) I -> O: 0.649 ns
        t15683 (Span4Mux_h4) I -> O: 0.543 ns
        t15682 (LocalMux) I -> O: 1.099 ns
        inmux_17_14_69750_69788 (InMux) I -> O: 0.662 ns
        lc40_17_14_2 (LogicCell40) in1 -> lcout: 1.232 ns
    23.702 ns net_65872 (flash_csb_SB_LUT4_I1_O_SB_LUT4_O_1_I3[1])
        odrv_17_14_65872_69849 (Odrv4) I -> O: 0.649 ns
        t17148 (LocalMux) I -> O: 1.099 ns
        inmux_17_17_70119_70186 (InMux) I -> O: 0.662 ns
        lc40_17_17_7 (LogicCell40) in0 -> lcout: 1.285 ns
    27.397 ns net_66246 (flash_io0_oe_SB_LUT4_I1_O[2])
        odrv_17_17_66246_69974 (Odrv4) I -> O: 0.649 ns
        t17272 (Span4Mux_v4) I -> O: 0.649 ns
        t17271 (LocalMux) I -> O: 1.099 ns
        inmux_17_21_70634_70643 (InMux) I -> O: 0.662 ns
        lc40_17_21_1 (LogicCell40) in1 -> lcout: 1.232 ns
    31.688 ns net_66732 (flash_io0_oe_SB_LUT4_I1_O_SB_LUT4_O_1_I2_SB_LUT4_I2_O[3])
        odrv_17_21_66732_70701 (Odrv4) I -> O: 0.649 ns
        t17457 (LocalMux) I -> O: 1.099 ns
        inmux_20_21_81488_81540 (InMux) I -> O: 0.662 ns
        lc40_20_21_7 (LogicCell40) in0 -> lcout: 1.285 ns
    35.383 ns net_77780 (soc.cpu.mem_do_rinst_SB_LUT4_I0_I3[3])
        t19344 (LocalMux) I -> O: 1.099 ns
        inmux_20_21_81472_81523 (InMux) I -> O: 0.662 ns
        lc40_20_21_4 (LogicCell40) in1 -> lcout: 1.232 ns
    38.377 ns net_77777 (soc.cpu.mem_do_rinst_SB_LUT4_I0_O[0])
        t19338 (LocalMux) I -> O: 1.099 ns
        inmux_20_22_81600_81658 (InMux) I -> O: 0.662 ns
        lc40_20_22_6 (LogicCell40) in1 -> lcout: 1.232 ns
    41.370 ns net_77881 (soc.cpu.decoder_pseudo_trigger_SB_DFFSR_Q_D_SB_LUT4_O_I3_SB_LUT4_O_I3[3])
        odrv_20_22_77881_74657 (Odrv4) I -> O: 0.649 ns
        t19357 (LocalMux) I -> O: 1.099 ns
        inmux_18_22_74561_74635 (InMux) I -> O: 0.662 ns
        lc40_18_22_7 (LogicCell40) in3 -> lcout: 0.874 ns
    44.655 ns net_70692 (soc.cpu.cpu_state_SB_DFF_Q_1_D_SB_LUT4_O_I3_SB_LUT4_O_I2_SB_LUT4_I1_O_SB_LUT4_O_1_I3[0])
        odrv_18_22_70692_63161 (Odrv4) I -> O: 0.649 ns
        t18634 (Span4Mux_h4) I -> O: 0.543 ns
        t18633 (Span4Mux_h4) I -> O: 0.543 ns
        t18632 (Span4Mux_h4) I -> O: 0.543 ns
        t18631 (Span4Mux_h4) I -> O: 0.543 ns
        t18630 (LocalMux) I -> O: 1.099 ns
        inmux_2_22_13913_13969 (InMux) I -> O: 0.662 ns
        lc40_2_22_7 (LogicCell40) in0 -> lcout: 1.285 ns
    50.522 ns net_9808 (soc.cpu.cpu_state_SB_DFF_Q_1_D_SB_LUT4_O_I3_SB_LUT4_O_I2[1])
        odrv_2_22_9808_9832 (Odrv4) I -> O: 0.649 ns
        t4897 (LocalMux) I -> O: 1.099 ns
        inmux_2_21_13790_13841 (InMux) I -> O: 0.662 ns
        lc40_2_21_6 (LogicCell40) in1 -> lcout: 1.232 ns
    54.164 ns net_9660 (soc.cpu.instr_sll_SB_LUT4_I1_O[0])
        t4509 (LocalMux) I -> O: 1.099 ns
        inmux_3_20_17501_17512 (InMux) I -> O: 0.662 ns
        lc40_3_20_0 (LogicCell40) in0 -> lcout: 1.285 ns
    57.210 ns net_13607 (soc.cpu.instr_sll_SB_LUT4_I1_O_SB_LUT4_I0_O[3])
        odrv_3_20_13607_16096 (Odrv12) I -> O: 1.232 ns
        t6173 (LocalMux) I -> O: 1.099 ns
        inmux_3_15_16883_16915 (InMux) I -> O: 0.662 ns
        lc40_3_15_3 (LogicCell40) in0 -> lcout: 1.285 ns
    61.488 ns net_12995 (soc.cpu.mem_do_rdata_SB_LUT4_I1_O[3])
        odrv_3_15_12995_16833 (Odrv12) I -> O: 1.232 ns
        t5593 (LocalMux) I -> O: 1.099 ns
        inmux_3_21_17628_17638 (InMux) I -> O: 0.662 ns
        lc40_3_21_0 (LogicCell40) in3 -> lcout: 0.874 ns
    65.356 ns net_13730 (soc.cpu.reg_op1_SB_DFFE_Q_E)
        odrv_3_21_13730_13872 (Odrv4) I -> O: 0.649 ns
        t6202 (Span4Mux_v4) I -> O: 0.649 ns
        t6201 (LocalMux) I -> O: 1.099 ns
        inmux_2_21_13773_13850 (CEMux) I -> O: 0.702 ns
    68.455 ns net_13850 (soc.cpu.reg_op1_SB_DFFE_Q_E)
        lc40_2_21_3 (LogicCell40) ce [setup]: 0.000 ns
    68.455 ns net_9657 (soc.cpu.pcpi_rs1[31])

Resolvable net names on path:
     1.491 ns ..  3.901 ns iomem_addr[4]
     5.133 ns ..  8.192 ns iomem_ready_SB_LUT4_I3_I1_SB_CARRY_CO_I1[2]
    10.192 ns .. 10.749 ns iomem_ready_SB_LUT4_I1_O_SB_LUT4_I2_O_SB_LUT4_I2_I3_SB_LUT4_I3_O_SB_LUT4_O_1_I2_SB_LUT4_I3_O_SB_LUT4_I2_O_SB_LUT4_O_I3[7]
    12.974 ns .. 13.530 ns iomem_ready_SB_LUT4_I1_O_SB_LUT4_I2_O_SB_LUT4_I2_I3_SB_LUT4_I3_O_SB_LUT4_O_1_I2_SB_LUT4_I3_O_SB_LUT4_I2_O_SB_LUT4_O_I3[15]
    15.755 ns .. 16.311 ns iomem_ready_SB_LUT4_I1_O_SB_LUT4_I2_O_SB_LUT4_I2_I3_SB_LUT4_I3_O_SB_LUT4_O_1_I2_SB_LUT4_I3_O_SB_LUT4_I2_O_SB_LUT4_O_I3[23]
    17.980 ns .. 18.642 ns iomem_ready_SB_LUT4_I1_O_SB_LUT4_I2_O_SB_LUT4_I2_I3_SB_LUT4_I3_O_SB_LUT4_O_1_I2_SB_LUT4_I3_O_SB_LUT4_I2_O_SB_LUT4_O_I3[29]
    19.516 ns .. 22.470 ns iomem_ready_SB_LUT4_I1_O_SB_LUT4_I2_O_SB_LUT4_I2_I3_SB_LUT4_I3_O_SB_LUT4_O_1_I2_SB_LUT4_I3_O_SB_LUT4_I2_O[3]
    23.702 ns .. 26.112 ns flash_csb_SB_LUT4_I1_O_SB_LUT4_O_1_I3[1]
    27.397 ns .. 30.456 ns flash_io0_oe_SB_LUT4_I1_O[2]
    31.688 ns .. 34.099 ns flash_io0_oe_SB_LUT4_I1_O_SB_LUT4_O_1_I2_SB_LUT4_I2_O[3]
    35.383 ns .. 37.145 ns soc.cpu.mem_do_rinst_SB_LUT4_I0_I3[3]
    38.377 ns .. 40.138 ns soc.cpu.mem_do_rinst_SB_LUT4_I0_O[0]
    41.370 ns .. 43.780 ns soc.cpu.decoder_pseudo_trigger_SB_DFFSR_Q_D_SB_LUT4_O_I3_SB_LUT4_O_I3[3]
    44.655 ns .. 49.237 ns soc.cpu.cpu_state_SB_DFF_Q_1_D_SB_LUT4_O_I3_SB_LUT4_O_I2_SB_LUT4_I1_O_SB_LUT4_O_1_I3[0]
    50.522 ns .. 52.932 ns soc.cpu.cpu_state_SB_DFF_Q_1_D_SB_LUT4_O_I3_SB_LUT4_O_I2[1]
    54.164 ns .. 55.926 ns soc.cpu.instr_sll_SB_LUT4_I1_O[0]
    57.210 ns .. 60.204 ns soc.cpu.instr_sll_SB_LUT4_I1_O_SB_LUT4_I0_O[3]
    61.488 ns .. 64.482 ns soc.cpu.mem_do_rdata_SB_LUT4_I1_O[3]
    65.356 ns .. 68.455 ns soc.cpu.reg_op1_SB_DFFE_Q_E
                  lcout -> soc.cpu.pcpi_rs1[31]

Total number of logic levels: 43
Total path delay: 68.45 ns (14.61 MHz)

