
icetime topological timing analysis report
==========================================

Info: max_span_hack is enabled: estimate is conservative.

Report for critical path:
-------------------------

        lc40_12_10_5 (LogicCell40) [clk] -> lcout: 1.491 ns
     1.491 ns net_46230 (iomem_addr[2])
        odrv_12_10_46230_49844 (Odrv4) I -> O: 0.649 ns
        t13755 (Span4Mux_v4) I -> O: 0.649 ns
        t13754 (LocalMux) I -> O: 1.099 ns
        inmux_12_4_49369_49436 (InMux) I -> O: 0.662 ns
        t2007 (CascadeMux) I -> O: 0.000 ns
        lc40_12_4_7 (LogicCell40) in2 -> lcout: 1.205 ns
     5.755 ns net_45494 (iomem_ready_SB_LUT4_I3_I1_SB_CARRY_CO_I1[0])
        t13655 (LocalMux) I -> O: 1.099 ns
        inmux_11_3_45428_45439 (InMux) I -> O: 0.662 ns
        lc40_11_3_0 (LogicCell40) in1 -> carryout: 0.675 ns
     8.192 ns t1793
        lc40_11_3_1 (LogicCell40) carryin -> carryout: 0.278 ns
     8.471 ns t1794
        lc40_11_3_2 (LogicCell40) carryin -> carryout: 0.278 ns
     8.749 ns t1795
        lc40_11_3_3 (LogicCell40) carryin -> carryout: 0.278 ns
     9.027 ns t1796
        lc40_11_3_4 (LogicCell40) carryin -> carryout: 0.278 ns
     9.305 ns t1797
        lc40_11_3_5 (LogicCell40) carryin -> carryout: 0.278 ns
     9.583 ns t1798
        lc40_11_3_6 (LogicCell40) carryin -> carryout: 0.278 ns
     9.861 ns t1799
        lc40_11_3_7 (LogicCell40) carryin -> carryout: 0.278 ns
    10.139 ns net_45479 (soc.memory.cs_0_SB_CARRY_I1_1_CO[8])
        t1801 (ICE_CARRY_IN_MUX) carryinitin -> carryinitout: 0.556 ns
        lc40_11_4_0 (LogicCell40) carryin -> carryout: 0.278 ns
    10.974 ns t1802
        lc40_11_4_1 (LogicCell40) carryin -> carryout: 0.278 ns
    11.252 ns t1803
        lc40_11_4_2 (LogicCell40) carryin -> carryout: 0.278 ns
    11.530 ns t1804
        lc40_11_4_3 (LogicCell40) carryin -> carryout: 0.278 ns
    11.808 ns t1806
        lc40_11_4_4 (LogicCell40) carryin -> carryout: 0.278 ns
    12.086 ns t1808
        lc40_11_4_5 (LogicCell40) carryin -> carryout: 0.278 ns
    12.364 ns t1810
        lc40_11_4_6 (LogicCell40) carryin -> carryout: 0.278 ns
    12.643 ns t1812
        lc40_11_4_7 (LogicCell40) carryin -> carryout: 0.278 ns
    12.921 ns net_45602 (soc.memory.cs_0_SB_CARRY_I1_1_CO[16])
        t1813 (ICE_CARRY_IN_MUX) carryinitin -> carryinitout: 0.556 ns
        lc40_11_5_0 (LogicCell40) carryin -> carryout: 0.278 ns
    13.755 ns t1814
        lc40_11_5_1 (LogicCell40) carryin -> carryout: 0.278 ns
    14.033 ns t1816
        lc40_11_5_2 (LogicCell40) carryin -> carryout: 0.278 ns
    14.311 ns t1818
        lc40_11_5_3 (LogicCell40) carryin -> carryout: 0.278 ns
    14.589 ns t1820
        lc40_11_5_4 (LogicCell40) carryin -> carryout: 0.278 ns
    14.868 ns t1822
        lc40_11_5_5 (LogicCell40) carryin -> carryout: 0.278 ns
    15.146 ns t1823
        lc40_11_5_6 (LogicCell40) carryin -> carryout: 0.278 ns
    15.424 ns t1825
        lc40_11_5_7 (LogicCell40) carryin -> carryout: 0.278 ns
    15.702 ns net_45725 (soc.memory.cs_0_SB_CARRY_I1_1_CO[24])
        t1827 (ICE_CARRY_IN_MUX) carryinitin -> carryinitout: 0.556 ns
        lc40_11_6_0 (LogicCell40) carryin -> carryout: 0.278 ns
    16.536 ns t1828
        lc40_11_6_1 (LogicCell40) carryin -> carryout: 0.278 ns
    16.814 ns t1829
        lc40_11_6_2 (LogicCell40) carryin -> carryout: 0.278 ns
    17.093 ns t1831
        lc40_11_6_3 (LogicCell40) carryin -> carryout: 0.278 ns
    17.371 ns t1832
        lc40_11_6_4 (LogicCell40) carryin -> carryout: 0.278 ns
    17.649 ns t1833
        lc40_11_6_5 (LogicCell40) carryin -> carryout: 0.278 ns
    17.927 ns net_45836 (soc.spimemio.valid_SB_LUT4_O_I2_SB_LUT4_O_I0_SB_LUT4_I0_O_SB_LUT4_O_I3[29])
        inmux_11_6_45836_45846 (InMux) I -> O: 0.662 ns
        lc40_11_6_6 (LogicCell40) in3 -> lcout: 0.874 ns
    19.463 ns net_41908 (soc.spimemio.valid_SB_LUT4_O_I2_SB_LUT4_O_I0_SB_LUT4_I0_O[3])
        odrv_11_6_41908_45761 (Odrv4) I -> O: 0.649 ns
        t13076 (Span4Mux_h4) I -> O: 0.543 ns
        t13075 (Span4Mux_v4) I -> O: 0.649 ns
        t13074 (Span4Mux_v4) I -> O: 0.649 ns
        t13073 (Span4Mux_h4) I -> O: 0.543 ns
        t13072 (LocalMux) I -> O: 1.099 ns
        inmux_17_16_70001_70028 (InMux) I -> O: 0.662 ns
        lc40_17_16_1 (LogicCell40) in1 -> lcout: 1.232 ns
    25.490 ns net_66117 (flash_clk_SB_LUT4_I1_O_SB_LUT4_O_2_I3[1])
        odrv_17_16_66117_66151 (Odrv4) I -> O: 0.649 ns
        t18122 (LocalMux) I -> O: 1.099 ns
        inmux_17_18_70244_70273 (InMux) I -> O: 0.662 ns
        lc40_17_18_1 (LogicCell40) in0 -> lcout: 1.285 ns
    29.185 ns net_66363 (flash_io0_oe_SB_LUT4_I1_O_SB_LUT4_I2_O[2])
        odrv_17_18_66363_66397 (Odrv4) I -> O: 0.649 ns
        t18194 (Span4Mux_v4) I -> O: 0.649 ns
        t18193 (LocalMux) I -> O: 1.099 ns
        inmux_17_24_70982_71030 (InMux) I -> O: 0.662 ns
        lc40_17_24_4 (LogicCell40) in1 -> lcout: 1.232 ns
    33.476 ns net_67104 (flash_clk_SB_LUT4_I1_O_SB_LUT4_I0_O[3])
        t18324 (LocalMux) I -> O: 1.099 ns
        inmux_17_24_70984_71035 (InMux) I -> O: 0.662 ns
        lc40_17_24_5 (LogicCell40) in0 -> lcout: 1.285 ns
    36.522 ns net_67105 (soc.cpu.latched_is_lb_SB_LUT4_I3_I2_SB_LUT4_I1_O_SB_LUT4_O_30_I1_SB_LUT4_O_1_I2_SB_LUT4_I2_I1_SB_LUT4_I1_O[0])
        t18330 (LocalMux) I -> O: 1.099 ns
        inmux_17_25_71108_71173 (InMux) I -> O: 0.662 ns
        lc40_17_25_7 (LogicCell40) in3 -> lcout: 0.874 ns
    39.158 ns net_67230 (soc.cpu.decoded_imm_j_SB_DFFE_Q_3_D_SB_LUT4_O_I2_SB_LUT4_I3_O_SB_LUT4_O_I2[1])
        odrv_17_25_67230_63535 (Odrv4) I -> O: 0.649 ns
        t18407 (Span4Mux_v4) I -> O: 0.649 ns
        t18406 (LocalMux) I -> O: 1.099 ns
        inmux_15_26_63575_63626 (InMux) I -> O: 0.662 ns
        lc40_15_26_6 (LogicCell40) in1 -> lcout: 1.232 ns
    43.449 ns net_59691 (soc.cpu.compressed_instr_SB_DFFE_Q_D[0])
        odrv_15_26_59691_59586 (Odrv4) I -> O: 0.649 ns
        t16872 (LocalMux) I -> O: 1.099 ns
        inmux_15_25_63458_63504 (InMux) I -> O: 0.662 ns
        t2629 (CascadeMux) I -> O: 0.000 ns
        lc40_15_25_6 (LogicCell40) in2 -> lcout: 1.205 ns
    47.065 ns net_59568 (soc.cpu.mem_state_SB_DFFESR_Q_D_SB_LUT4_O_I1_SB_LUT4_I1_O_SB_LUT4_I3_O[0])
        t16796 (LocalMux) I -> O: 1.099 ns
        inmux_14_24_59510_59514 (InMux) I -> O: 0.662 ns
        lc40_14_24_0 (LogicCell40) in1 -> lcout: 1.232 ns
    50.058 ns net_55609 (soc.cpu.cpu_state_SB_DFF_Q_3_D_SB_LUT4_O_I0[2])
        odrv_14_24_55609_51923 (Odrv4) I -> O: 0.649 ns
        t15893 (Span4Mux_h4) I -> O: 0.543 ns
        t15892 (Span4Mux_h4) I -> O: 0.543 ns
        t15895 (Span4Mux_v4) I -> O: 0.649 ns
        t15894 (LocalMux) I -> O: 1.099 ns
        inmux_3_23_17874_17920 (InMux) I -> O: 0.662 ns
        lc40_3_23_6 (LogicCell40) in3 -> lcout: 0.874 ns
    55.078 ns net_13982 (soc.cpu.instr_sb_SB_LUT4_I3_O_SB_LUT4_O_I2_SB_LUT4_O_1_I0[1])
        odrv_3_23_13982_14005 (Odrv4) I -> O: 0.649 ns
        t6000 (LocalMux) I -> O: 1.099 ns
        inmux_3_22_17750_17779 (InMux) I -> O: 0.662 ns
        lc40_3_22_3 (LogicCell40) in3 -> lcout: 0.874 ns
    58.363 ns net_13856 (soc.cpu.instr_sll_SB_LUT4_I1_O_SB_LUT4_I2_O_SB_LUT4_I3_O[3])
        odrv_3_22_13856_17468 (Odrv4) I -> O: 0.649 ns
        t5897 (LocalMux) I -> O: 1.099 ns
        inmux_3_20_17486_17537 (InMux) I -> O: 0.662 ns
        lc40_3_20_4 (LogicCell40) in1 -> lcout: 1.232 ns
    62.005 ns net_13611 (soc.cpu.instr_sll_SB_LUT4_I1_O_SB_LUT4_I2_O_SB_LUT4_I3_O_SB_LUT4_I3_O[3])
        odrv_3_20_13611_4418 (Odrv4) I -> O: 0.649 ns
        t5734 (Span4Mux_v4) I -> O: 0.649 ns
        t5740 (Span4Mux_v4) I -> O: 0.649 ns
        t5739 (Span4Mux_v4) I -> O: 0.649 ns
        t5738 (Span4Mux_v4) I -> O: 0.649 ns
        t5737 (Span4Mux_h4) I -> O: 0.543 ns
        t5736 (Span4Mux_v4) I -> O: 0.649 ns
        t5735 (LocalMux) I -> O: 1.099 ns
        inmux_4_3_19221_19298 (CEMux) I -> O: 0.702 ns
    68.243 ns net_19298 (soc.cpu.instr_sll_SB_LUT4_I1_O_SB_LUT4_I2_O_SB_LUT4_I3_O_SB_LUT4_I3_O[3])
        lc40_4_3_6 (LogicCell40) ce [setup]: 0.000 ns
    68.243 ns net_15353 (soc.cpu.instr_sra_SB_LUT4_I0_O_SB_LUT4_I3_O_SB_LUT4_I0_O_SB_LUT4_O_24_I1[1])

Resolvable net names on path:
     1.491 ns ..  4.550 ns iomem_addr[2]
     5.755 ns ..  7.517 ns iomem_ready_SB_LUT4_I3_I1_SB_CARRY_CO_I1[0]
    10.139 ns .. 10.696 ns soc.memory.cs_0_SB_CARRY_I1_1_CO[8]
    12.921 ns .. 13.477 ns soc.memory.cs_0_SB_CARRY_I1_1_CO[16]
    15.702 ns .. 16.258 ns soc.memory.cs_0_SB_CARRY_I1_1_CO[24]
    17.927 ns .. 18.589 ns soc.spimemio.valid_SB_LUT4_O_I2_SB_LUT4_O_I0_SB_LUT4_I0_O_SB_LUT4_O_I3[29]
    19.463 ns .. 24.258 ns soc.spimemio.valid_SB_LUT4_O_I2_SB_LUT4_O_I0_SB_LUT4_I0_O[3]
    25.490 ns .. 27.900 ns flash_clk_SB_LUT4_I1_O_SB_LUT4_O_2_I3[1]
    29.185 ns .. 32.244 ns flash_io0_oe_SB_LUT4_I1_O_SB_LUT4_I2_O[2]
    33.476 ns .. 35.238 ns flash_clk_SB_LUT4_I1_O_SB_LUT4_I0_O[3]
    36.522 ns .. 38.284 ns soc.cpu.latched_is_lb_SB_LUT4_I3_I2_SB_LUT4_I1_O_SB_LUT4_O_30_I1_SB_LUT4_O_1_I2_SB_LUT4_I2_I1_SB_LUT4_I1_O[0]
    39.158 ns .. 42.218 ns soc.cpu.decoded_imm_j_SB_DFFE_Q_3_D_SB_LUT4_O_I2_SB_LUT4_I3_O_SB_LUT4_O_I2[1]
    43.449 ns .. 45.860 ns soc.cpu.compressed_instr_SB_DFFE_Q_D[0]
    47.065 ns .. 48.827 ns soc.cpu.mem_state_SB_DFFESR_Q_D_SB_LUT4_O_I1_SB_LUT4_I1_O_SB_LUT4_I3_O[0]
    50.058 ns .. 54.204 ns soc.cpu.cpu_state_SB_DFF_Q_3_D_SB_LUT4_O_I0[2]
    55.078 ns .. 57.488 ns soc.cpu.instr_sb_SB_LUT4_I3_O_SB_LUT4_O_I2_SB_LUT4_O_1_I0[1]
    58.363 ns .. 60.773 ns soc.cpu.instr_sll_SB_LUT4_I1_O_SB_LUT4_I2_O_SB_LUT4_I3_O[3]
    62.005 ns .. 68.243 ns soc.cpu.instr_sll_SB_LUT4_I1_O_SB_LUT4_I2_O_SB_LUT4_I3_O_SB_LUT4_I3_O[3]
                  lcout -> soc.cpu.instr_sra_SB_LUT4_I0_O_SB_LUT4_I3_O_SB_LUT4_I0_O_SB_LUT4_O_24_I1[1]

Total number of logic levels: 44
Total path delay: 68.24 ns (14.65 MHz)

